// Jest Snapshot v1, https://goo.gl/fbAQLP

exports[`Home snapshot renders the Home screen 1`] = `
<View>
  <Text>
    Home Screen
  </Text>
</View>
`;
