// Jest Snapshot v1, https://goo.gl/fbAQLP

exports[`Delegations Page should render correctly 1`] = `
<Connect(LayoutMainContainer)
  title="Delegations dashboard"
>
  <Card
    classes=""
    number={0}
    title="Statistics"
  />
</Connect(LayoutMainContainer)>
`;
