// Jest Snapshot v1, https://goo.gl/fbAQLP

exports[`Home Page should render correctly 1`] = `
<Connect(LayoutMainContainer)
  title="Home page"
>
  <section>
    <div>
      Home page
    </div>
  </section>
</Connect(LayoutMainContainer)>
`;
